============================= test session starts =============================
platform win32 -- Python 3.14.0, pytest-9.0.2, pluggy-1.6.0 -- C:\Python314\python.exe
cachedir: .pytest_cache
rootdir: C:\Users\Personal\Desktop\NovaGenIA
configfile: pytest.ini
plugins: anyio-4.12.0, asyncio-1.3.0
asyncio: mode=Mode.AUTO, debug=False, asyncio_default_fixture_loop_scope=None, asyncio_default_test_loop_scope=function
collecting ... collected 35 items / 2 errors

=================================== ERRORS ====================================
___________________ ERROR collecting tests/test_features.py ___________________
ImportError while importing test module 'C:\Users\Personal\Desktop\NovaGenIA\tests\test_features.py'.
Hint: make sure your test modules/packages have valid Python names.
Traceback:
C:\Python314\Lib\importlib\__init__.py:88: in import_module
    return _bootstrap._gcd_import(name[level:], package, level)
           ^^^^^^^^^^^^^^^^^^^^^^^^^^^^^^^^^^^^^^^^^^^^^^^^^^^^
tests\test_features.py:2: in <module>
    from advanced_samplers import advanced_samplers
E   ImportError: cannot import name 'advanced_samplers' from 'advanced_samplers' (C:\Users\Personal\Desktop\NovaGenIA\advanced_samplers.py)
------------------------------- Captured stderr -------------------------------
CUDA not available - no GPUs detected
__________________ ERROR collecting tests/test_websocket.py ___________________
ImportError while importing test module 'C:\Users\Personal\Desktop\NovaGenIA\tests\test_websocket.py'.
Hint: make sure your test modules/packages have valid Python names.
Traceback:
C:\Python314\Lib\importlib\__init__.py:88: in import_module
    return _bootstrap._gcd_import(name[level:], package, level)
           ^^^^^^^^^^^^^^^^^^^^^^^^^^^^^^^^^^^^^^^^^^^^^^^^^^^^
tests\test_websocket.py:3: in <module>
    from websocket_manager import WebSocketManager
E   ImportError: cannot import name 'WebSocketManager' from 'websocket_manager' (C:\Users\Personal\Desktop\NovaGenIA\websocket_manager.py)
============================== warnings summary ===============================
server.py:433
  C:\Users\Personal\Desktop\NovaGenIA\server.py:433: DeprecationWarning: 
          on_event is deprecated, use lifespan event handlers instead.
  
          Read more about it in the
          [FastAPI docs for Lifespan Events](https://fastapi.tiangolo.com/advanced/events/).
          
    @app.on_event("startup")

..\..\AppData\Roaming\Python\Python314\site-packages\fastapi\applications.py:4576
  C:\Users\Personal\AppData\Roaming\Python\Python314\site-packages\fastapi\applications.py:4576: DeprecationWarning: 
          on_event is deprecated, use lifespan event handlers instead.
  
          Read more about it in the
          [FastAPI docs for Lifespan Events](https://fastapi.tiangolo.com/advanced/events/).
          
    return self.router.on_event(event_type)

-- Docs: https://docs.pytest.org/en/stable/how-to/capture-warnings.html
=========================== short test summary info ===========================
ERROR tests/test_features.py
ERROR tests/test_websocket.py
!!!!!!!!!!!!!!!!!!! Interrupted: 2 errors during collection !!!!!!!!!!!!!!!!!!!
======================== 2 warnings, 2 errors in 0.21s ========================
